mvn.cmd : WARNING: A 
terminally deprecated 
method in sun.misc.Unsafe 
has been called
At line:1 char:1
+ & (Get-ChildItem -Path 
"C:\Program Files" 
-Filter "mvn.cmd" 
-Recurse  ...
+ ~~~~~~~~~~~~~~~~~~~~~~~~
~~~~~~~~~~~~~~~~~~~~~~~~~~
~~~~~~~~~~~~~~~~~~~
    + CategoryInfo        
      : NotSpecified: (W  
  ARNING: A term...has    
 been called:String) [    
], RemoteException
    + FullyQualifiedError 
   Id : NativeCommandErr  
  or
 
WARNING: sun.misc.Unsafe::
staticFieldBase has been 
called by com.google.injec
t.internal.aop.HiddenClass
Definer (file:/C:/Program%
20Files/JetBrains/IntelliJ
%20IDEA%202025.3.1/plugins
/maven/lib/maven3/lib/guic
e-5.1.0-classes.jar)
WARNING: Please consider 
reporting this to the 
maintainers of class com.g
oogle.inject.internal.aop.
HiddenClassDefiner
WARNING: sun.misc.Unsafe::
staticFieldBase will be 
removed in a future 
release
[INFO] Scanning for projects...
[INFO] 
[INFO] --------< com.app.quantitymeasurement:quantity-measurement-app >--------
[INFO] Building quantity-measurement-app 1.0.0
[INFO]   from pom.xml
[INFO] --------------------------------[ jar ]---------------------------------
[INFO] 
[INFO] --- clean:3.3.2:clean (default-clean) @ quantity-measurement-app ---
[INFO] Deleting D:\UCinTraining\UC16\target
[INFO] 
[INFO] --- resources:3.3.1:resources (default-resources) @ quantity-measurement-app ---
[INFO] Copying 1 resource from src\main\resources to target\classes
[INFO] Copying 1 resource from src\main\resources to target\classes
[INFO] 
[INFO] --- compiler:3.11.0:compile (default-compile) @ quantity-measurement-app ---
[INFO] Changes detected - recompiling the module! :source
[INFO] Compiling 29 source files with javac [debug release 17] to target\classes
[INFO] ------------------------------------------------------------------------
[INFO] BUILD FAILURE
[INFO] ------------------------------------------------------------------------
[INFO] Total time:  4.945 s
[INFO] Finished at: 2026-04-06T20:02:08+05:30
[INFO] ------------------------------------------------------------------------
[ERROR] Failed to execute goal org.apache.maven.plugins:maven-compiler-plugin:3.11.0:compile (default-compile) on project quantity-measurement-app: Fatal error compiling: java.lang.ExceptionInInitializerError: com.sun.tools.javac.code.TypeTag :: UNKNOWN -> [Help 1]
[ERROR] 
[ERROR] To see the full stack trace of the errors, re-run Maven with the -e switch.
[ERROR] Re-run Maven using the -X switch to enable full debug logging.
[ERROR] 
[ERROR] For more information about the errors and possible solutions, please read the following articles:
[ERROR] [Help 1] http://cwiki.apache.org/confluence/display/MAVEN/MojoExecutionException
